id: hello
snapshots:
  //  Hello:
    labels:
    - source: //  Hello
      style: primary
      start: 0
      end: 9
  // Hello:
    labels:
    - source: // Hello
      style: primary
      start: 0
      end: 8
